// Jest Snapshot v1, https://goo.gl/fbAQLP

exports[`Counter Component Test matches the snapshot 1`] = `
<div>
  <p>
    Current Count :
    0
  </p>
  <button
    onClick={[Function]}
  >
    Increment Count
  </button>
</div>
`;
